<h1 id="a-kramdown-post">A Kramdown Post</h1>
<p>With some “amazing”, <em>riveting</em>, <strong>coooonnnntent</strong>.</p>
